2025-04-08 03:53:47,088 INFO  Logger.cs: 70 - 
--------------------------------------------------------------------------------
2025-04-08 03:53:47,108 INFO  Logger.cs: 71 - Logging commencing for SW2URDF exporter
2025-04-08 03:53:47,109 INFO  Logger.cs: 73 - Commit version 1.6.0-4-g7f85cfe
2025-04-08 03:53:47,109 INFO  Logger.cs: 74 - Build version 1.6.7995.38578
2025-04-08 03:53:47,138 INFO  SwAddin.cs: 192 - Attempting to connect to SW
2025-04-08 03:53:47,138 INFO  SwAddin.cs: 197 - Setting up callbacks
2025-04-08 03:53:47,139 INFO  SwAddin.cs: 201 - Setting up command manager
2025-04-08 03:53:47,140 INFO  SwAddin.cs: 204 - Adding command manager
2025-04-08 03:53:47,141 INFO  SwAddin.cs: 263 - Adding Assembly export to file menu
2025-04-08 03:53:47,142 INFO  SwAddin.cs: 272 - Adding Part export to file menu
2025-04-08 03:53:47,143 INFO  SwAddin.cs: 210 - Adding event handlers
2025-04-08 03:53:47,252 INFO  SwAddin.cs: 217 - Connecting plugin to SolidWorks
2025-04-08 03:54:47,718 INFO  SwAddin.cs: 294 - Assembly export called for file ¾î¼Àºí¸®1
2025-04-08 03:54:47,719 INFO  SwAddin.cs: 299 - Save is required
2025-04-08 03:54:47,720 INFO  SwAddin.cs: 313 - Saving assembly
2025-04-08 03:54:47,720 INFO  SwAddin.cs: 316 - Opening property manager
2025-04-08 03:54:47,727 INFO  ExportHelperExtension.cs: 1125 - Retrieving features of type [CoordSys] from ¾î¼Àºí¸®1
2025-04-08 03:54:47,758 INFO  ExportHelperExtension.cs: 1136 - Found 25 in ¾î¼Àºí¸®1
2025-04-08 03:54:47,759 INFO  ExportHelperExtension.cs: 1145 - Found 1 features of type [CoordSys] in ¾î¼Àºí¸®1
2025-04-08 03:54:47,759 INFO  ExportHelperExtension.cs: 1148 - Proceeding through assembly components
2025-04-08 03:54:47,760 INFO  ExportHelperExtension.cs: 1160 - 1 components to check
2025-04-08 03:54:47,761 INFO  ExportHelperExtension.cs: 1125 - Retrieving features of type [CoordSys] from basket_color.step-1
2025-04-08 03:54:47,761 INFO  ExportHelperExtension.cs: 1136 - Found 24 in basket_color.step-1
2025-04-08 03:54:47,761 INFO  ExportHelperExtension.cs: 1145 - Found 0 features of type [CoordSys] in basket_color.step-1
2025-04-08 03:54:47,762 INFO  ExportHelperExtension.cs: 1125 - Retrieving features of type [RefAxis] from ¾î¼Àºí¸®1
2025-04-08 03:54:47,762 INFO  ExportHelperExtension.cs: 1136 - Found 25 in ¾î¼Àºí¸®1
2025-04-08 03:54:47,762 INFO  ExportHelperExtension.cs: 1145 - Found 0 features of type [RefAxis] in ¾î¼Àºí¸®1
2025-04-08 03:54:47,762 INFO  ExportHelperExtension.cs: 1148 - Proceeding through assembly components
2025-04-08 03:54:47,762 INFO  ExportHelperExtension.cs: 1160 - 1 components to check
2025-04-08 03:54:47,763 INFO  ExportHelperExtension.cs: 1125 - Retrieving features of type [RefAxis] from basket_color.step-1
2025-04-08 03:54:47,763 INFO  ExportHelperExtension.cs: 1136 - Found 24 in basket_color.step-1
2025-04-08 03:54:47,763 INFO  ExportHelperExtension.cs: 1145 - Found 0 features of type [RefAxis] in basket_color.step-1
2025-04-08 03:54:47,849 INFO  SwAddin.cs: 339 - Loading config tree
2025-04-08 03:54:47,852 INFO  ExportPropertyManagerExtension.cs: 520 - Starting new configuration
2025-04-08 03:54:47,854 INFO  SwAddin.cs: 344 - Showing property manager
2025-04-08 03:54:52,079 INFO  ExportPropertyManager.cs: 1018 - OnComboboxSelectionChanged called. This method no longer throws an Exception. It just silently does nothing. Ok, except for this logging message
2025-04-08 03:54:56,792 INFO  ExportPropertyManager.cs: 422 - Configuration saved
2025-04-08 03:54:57,321 INFO  ExportHelperExtension.cs: 1125 - Retrieving features of type [CoordSys] from ¾î¼Àºí¸®1
2025-04-08 03:54:57,344 INFO  ExportHelperExtension.cs: 1136 - Found 26 in ¾î¼Àºí¸®1
2025-04-08 03:54:57,344 INFO  ExportHelperExtension.cs: 1145 - Found 1 features of type [CoordSys] in ¾î¼Àºí¸®1
2025-04-08 03:54:57,344 INFO  ExportHelperExtension.cs: 1148 - Proceeding through assembly components
2025-04-08 03:54:57,345 INFO  ExportHelperExtension.cs: 1160 - 1 components to check
2025-04-08 03:54:57,345 INFO  ExportHelperExtension.cs: 1125 - Retrieving features of type [CoordSys] from basket_color.step-1
2025-04-08 03:54:57,345 INFO  ExportHelperExtension.cs: 1136 - Found 24 in basket_color.step-1
2025-04-08 03:54:57,345 INFO  ExportHelperExtension.cs: 1145 - Found 0 features of type [CoordSys] in basket_color.step-1
2025-04-08 03:54:57,346 INFO  ExportHelperExtension.cs: 1125 - Retrieving features of type [RefAxis] from ¾î¼Àºí¸®1
2025-04-08 03:54:57,346 INFO  ExportHelperExtension.cs: 1136 - Found 26 in ¾î¼Àºí¸®1
2025-04-08 03:54:57,346 INFO  ExportHelperExtension.cs: 1145 - Found 0 features of type [RefAxis] in ¾î¼Àºí¸®1
2025-04-08 03:54:57,346 INFO  ExportHelperExtension.cs: 1148 - Proceeding through assembly components
2025-04-08 03:54:57,347 INFO  ExportHelperExtension.cs: 1160 - 1 components to check
2025-04-08 03:54:57,347 INFO  ExportHelperExtension.cs: 1125 - Retrieving features of type [RefAxis] from basket_color.step-1
2025-04-08 03:54:57,347 INFO  ExportHelperExtension.cs: 1136 - Found 24 in basket_color.step-1
2025-04-08 03:54:57,347 INFO  ExportHelperExtension.cs: 1145 - Found 0 features of type [RefAxis] in basket_color.step-1
2025-04-08 03:54:57,375 INFO  ExportPropertyManager.cs: 1142 - AfterClose called. This method no longer throws an Exception. It just silently does nothing. Ok, except for this logging message
2025-04-08 03:55:02,438 INFO  AssemblyExportForm.cs: 253 - Completing URDF export
2025-04-08 03:55:02,441 INFO  ConfigurationSerialization.cs: 276 - URDF Configuration found
<Link z:Id="i1" xmlns="http://schemas.datacontract.org/2004/07/SW2URDF" xmlns:i="http://www.w3.org/2001/XMLSchema-instance" xmlns:z="http://schemas.microsoft.com/2003/10/Serialization/"><Attributes><Attribute z:Id="i2"><AttributeType>name</AttributeType><IsRequired>true</IsRequired><Value i:type="a:string" xmlns:a="http://www.w3.org/2001/XMLSchema">base_link</Value></Attribute></Attributes><ChildElements><URDFElement z:Id="i3" i:type="Inertial"><Attributes/><ChildElements><URDFElement z:Id="i4" i:type="Origin"><Attributes><Attribute z:Id="i5"><AttributeType>xyz</AttributeType><IsRequired>true</IsRequired><Value i:type="a:ArrayOfdouble" xmlns:a="http://schemas.microsoft.com/2003/10/Serialization/Arrays"><a:double>0</a:double><a:double>0</a:double><a:double>0</a:double></Value></Attribute><Attribute z:Id="i6"><AttributeType>rpy</AttributeType><IsRequired>true</IsRequired><Value i:type="a:ArrayOfdouble" xmlns:a="http://schemas.microsoft.com/2003/10/Serialization/Arrays"><a:double>0</a:double><a:double>0</a:double><a:double>0</a:double></Value></Attribute></Attributes><ChildElements/><ElementName>origin</ElementName><required>false</required><RPYAttribute z:Ref="i6"/><XYZAttribute z:Ref="i5"/><isCustomized>false</isCustomized></URDFElement><URDFElement z:Id="i7" i:type="Mass"><Attributes><Attribute z:Id="i8"><AttributeType>value</AttributeType><IsRequired>true</IsRequired><Value i:type="a:double" xmlns:a="http://www.w3.org/2001/XMLSchema">0</Value></Attribute></Attributes><ChildElements/><ElementName>mass</ElementName><required>false</required><ValueAttribute z:Ref="i8"/></URDFElement><URDFElement z:Id="i9" i:type="Inertia"><Attributes><Attribute z:Id="i10"><AttributeType>ixx</AttributeType><IsRequired>true</IsRequired><Value i:type="a:double" xmlns:a="http://www.w3.org/2001/XMLSchema">0</Value></Attribute><Attribute z:Id="i11"><AttributeType>ixy</AttributeType><IsRequired>true</IsRequired><Value i:type="a:double" xmlns:a="http://www.w3.org/2001/XMLSchema">0</Value></Attribute><Attribute z:Id="i12"><AttributeType>ixz</AttributeType><IsRequired>true</IsRequired><Value i:type="a:double" xmlns:a="http://www.w3.org/2001/XMLSchema">0</Value></Attribute><Attribute z:Id="i13"><AttributeType>iyy</AttributeType><IsRequired>true</IsRequired><Value i:type="a:double" xmlns:a="http://www.w3.org/2001/XMLSchema">0</Value></Attribute><Attribute z:Id="i14"><AttributeType>iyz</AttributeType><IsRequired>true</IsRequired><Value i:type="a:double" xmlns:a="http://www.w3.org/2001/XMLSchema">0</Value></Attribute><Attribute z:Id="i15"><AttributeType>izz</AttributeType><IsRequired>true</IsRequired><Value i:type="a:double" xmlns:a="http://www.w3.org/2001/XMLSchema">0</Value></Attribute></Attributes><ChildElements/><ElementName>inertia</ElementName><required>false</required><IxxAttribute z:Ref="i10"/><IxyAttribute z:Ref="i11"/><IxzAttribute z:Ref="i12"/><IyyAttribute z:Ref="i13"/><IyzAttribute z:Ref="i14"/><IzzAttribute z:Ref="i15"/></URDFElement></ChildElements><ElementName>inertial</ElementName><required>false</required><Inertia z:Ref="i9"/><Mass z:Ref="i7"/><Origin z:Ref="i4"/></URDFElement><URDFElement z:Id="i16" i:type="Visual"><Attributes/><ChildElements><URDFElement z:Id="i17" i:type="Origin"><Attributes><Attribute z:Id="i18"><AttributeType>xyz</AttributeType><IsRequired>true</IsRequired><Value i:type="a:ArrayOfdouble" xmlns:a="http://schemas.microsoft.com/2003/10/Serialization/Arrays"><a:double>0</a:double><a:double>0</a:double><a:double>0</a:double></Value></Attribute><Attribute z:Id="i19"><AttributeType>rpy</AttributeType><IsRequired>true</IsRequired><Value i:type="a:ArrayOfdouble" xmlns:a="http://schemas.microsoft.com/2003/10/Serialization/Arrays"><a:double>0</a:double><a:double>0</a:double><a:double>0</a:double></Value></Attribute></Attributes><ChildElements/><ElementName>origin</ElementName><required>false</required><RPYAttribute z:Ref="i19"/><XYZAttribute z:Ref="i18"/><isCustomized>false</isCustomized></URDFElement><URDFElement z:Id="i20" i:type="Geometry"><Attributes/><ChildElements><URDFElement z:Id="i21" i:type="Mesh"><Attributes><Attribute z:Id="i22"><AttributeType>filename</AttributeType><IsRequired>true</IsRequired><Value i:nil="true"/></Attribute></Attributes><ChildElements/><ElementName>mesh</ElementName><required>false</required><FilenameAttribute z:Ref="i22"/></URDFElement></ChildElements><ElementName>geometry</ElementName><required>true</required><Mesh z:Ref="i21"/></URDFElement><URDFElement z:Id="i23" i:type="Material"><Attributes><Attribute z:Id="i24"><AttributeType>name</AttributeType><IsRequired>true</IsRequired><Value i:type="a:string" xmlns:a="http://www.w3.org/2001/XMLSchema"/></Attribute></Attributes><ChildElements><URDFElement z:Id="i25" i:type="Color"><Attributes><Attribute z:Id="i26"><AttributeType>rgba</AttributeType><IsRequired>true</IsRequired><Value i:type="a:ArrayOfdouble" xmlns:a="http://schemas.microsoft.com/2003/10/Serialization/Arrays"><a:double>1</a:double><a:double>1</a:double><a:double>1</a:double><a:double>1</a:double></Value></Attribute></Attributes><ChildElements/><ElementName>color</ElementName><required>false</required><RGBAAttribute z:Ref="i26"/></URDFElement><URDFElement z:Id="i27" i:type="Texture"><Attributes><Attribute z:Id="i28"><AttributeType>filename</AttributeType><IsRequired>true</IsRequired><Value i:nil="true"/></Attribute></Attributes><ChildElements/><ElementName>texture</ElementName><required>false</required><FilenameAttribute z:Ref="i28"/><wFilename/></URDFElement></ChildElements><ElementName>material</ElementName><required>false</required><Color z:Ref="i25"/><NameAttribute z:Ref="i24"/><Texture z:Ref="i27"/></URDFElement></ChildElements><ElementName>visual</ElementName><required>false</required><Geometry z:Ref="i20"/><Material z:Ref="i23"/><Origin z:Ref="i17"/></URDFElement><URDFElement z:Id="i29" i:type="Collision"><Attributes/><ChildElements><URDFElement z:Id="i30" i:type="Origin"><Attributes><Attribute z:Id="i31"><AttributeType>xyz</AttributeType><IsRequired>true</IsRequired><Value i:type="a:ArrayOfdouble" xmlns:a="http://schemas.microsoft.com/2003/10/Serialization/Arrays"><a:double>0</a:double><a:double>0</a:double><a:double>0</a:double></Value></Attribute><Attribute z:Id="i32"><AttributeType>rpy</AttributeType><IsRequired>true</IsRequired><Value i:type="a:ArrayOfdouble" xmlns:a="http://schemas.microsoft.com/2003/10/Serialization/Arrays"><a:double>0</a:double><a:double>0</a:double><a:double>0</a:double></Value></Attribute></Attributes><ChildElements/><ElementName>origin</ElementName><required>false</required><RPYAttribute z:Ref="i32"/><XYZAttribute z:Ref="i31"/><isCustomized>false</isCustomized></URDFElement><URDFElement z:Id="i33" i:type="Geometry"><Attributes/><ChildElements><URDFElement z:Id="i34" i:type="Mesh"><Attributes><Attribute z:Id="i35"><AttributeType>filename</AttributeType><IsRequired>true</IsRequired><Value i:nil="true"/></Attribute></Attributes><ChildElements/><ElementName>mesh</ElementName><required>false</required><FilenameAttribute z:Ref="i35"/></URDFElement></ChildElements><ElementName>geometry</ElementName><required>true</required><Mesh z:Ref="i34"/></URDFElement></ChildElements><ElementName>collision</ElementName><required>false</required><Geometry z:Ref="i33"/><Origin z:Ref="i30"/></URDFElement><URDFElement z:Id="i36" i:type="Joint"><Attributes><Attribute z:Id="i37"><AttributeType>name</AttributeType><IsRequired>true</IsRequired><Value i:type="a:string" xmlns:a="http://www.w3.org/2001/XMLSchema"/></Attribute><Attribute z:Id="i38"><AttributeType>type</AttributeType><IsRequired>true</IsRequired><Value i:type="a:string" xmlns:a="http://www.w3.org/2001/XMLSchema"/></Attribute></Attributes><ChildElements><URDFElement z:Id="i39" i:type="Origin"><Attributes><Attribute z:Id="i40"><AttributeType>xyz</AttributeType><IsRequired>true</IsRequired><Value i:type="a:ArrayOfdouble" xmlns:a="http://schemas.microsoft.com/2003/10/Serialization/Arrays"><a:double>0</a:double><a:double>0</a:double><a:double>0</a:double></Value></Attribute><Attribute z:Id="i41"><AttributeType>rpy</AttributeType><IsRequired>true</IsRequired><Value i:type="a:ArrayOfdouble" xmlns:a="http://schemas.microsoft.com/2003/10/Serialization/Arrays"><a:double>0</a:double><a:double>0</a:double><a:double>0</a:double></Value></Attribute></Attributes><ChildElements/><ElementName>origin</ElementName><required>false</required><RPYAttribute z:Ref="i41"/><XYZAttribute z:Ref="i40"/><isCustomized>false</isCustomized></URDFElement><URDFElement z:Id="i42" i:type="ParentLink"><Attributes><Attribute z:Id="i43"><AttributeType>link</AttributeType><IsRequired>true</IsRequired><Value i:type="a:string" xmlns:a="http://www.w3.org/2001/XMLSchema"/></Attribute></Attributes><ChildElements/><ElementName>parent</ElementName><required>true</required><NameAttribute z:Ref="i43"/></URDFElement><URDFElement z:Id="i44" i:type="ChildLink"><Attributes><Attribute z:Id="i45"><AttributeType>link</AttributeType><IsRequired>true</IsRequired><Value i:type="a:string" xmlns:a="http://www.w3.org/2001/XMLSchema"/></Attribute></Attributes><ChildElements/><ElementName>child</ElementName><required>true</required><NameAttribute z:Ref="i45"/></URDFElement><URDFElement z:Id="i46" i:type="Axis"><Attributes><Attribute z:Id="i47"><AttributeType>xyz</AttributeType><IsRequired>true</IsRequired><Value i:type="a:ArrayOfdouble" xmlns:a="http://schemas.microsoft.com/2003/10/Serialization/Arrays"><a:double>0</a:double><a:double>0</a:double><a:double>0</a:double></Value></Attribute></Attributes><ChildElements/><ElementName>axis</ElementName><required>false</required><XYZAttribute z:Ref="i47"/></URDFElement><URDFElement z:Id="i48" i:type="Limit"><Attributes><Attribute z:Id="i49"><AttributeType>lower</AttributeType><IsRequired>false</IsRequired><Value i:nil="true"/></Attribute><Attribute z:Id="i50"><AttributeType>upper</AttributeType><IsRequired>false</IsRequired><Value i:nil="true"/></Attribute><Attribute z:Id="i51"><AttributeType>effort</AttributeType><IsRequired>true</IsRequired><Value i:nil="true"/></Attribute><Attribute z:Id="i52"><AttributeType>velocity</AttributeType><IsRequired>true</IsRequired><Value i:nil="true"/></Attribute></Attributes><ChildElements/><ElementName>limit</ElementName><required>false</required><EffortAttribute z:Ref="i51"/><LowerAttribute z:Ref="i49"/><UpperAttribute z:Ref="i50"/><VelocityAttribute z:Ref="i52"/></URDFElement><URDFElement z:Id="i53" i:type="Calibration"><Attributes><Attribute z:Id="i54"><AttributeType>rising</AttributeType><IsRequired>false</IsRequired><Value i:nil="true"/></Attribute><Attribute z:Id="i55"><AttributeType>falling</AttributeType><IsRequired>false</IsRequired><Value i:nil="true"/></Attribute></Attributes><ChildElements/><ElementName>calibration</ElementName><required>false</required><FallingAttribute z:Ref="i55"/><RisingAttribute z:Ref="i54"/></URDFElement><URDFElement z:Id="i56" i:type="Dynamics"><Attributes><Attribute z:Id="i57"><AttributeType>damping</AttributeType><IsRequired>false</IsRequired><Value i:nil="true"/></Attribute><Attribute z:Id="i58"><AttributeType>friction</AttributeType><IsRequired>false</IsRequired><Value i:nil="true"/></Attribute></Attributes><ChildElements/><ElementName>dynamics</ElementName><required>false</required><DampingAttribute z:Ref="i57"/><FrictionAttribute z:Ref="i58"/></URDFElement><URDFElement z:Id="i59" i:type="SafetyController"><Attributes><Attribute z:Id="i60"><AttributeType>soft_upper_limit</AttributeType><IsRequired>false</IsRequired><Value i:nil="true"/></Attribute><Attribute z:Id="i61"><AttributeType>soft_lower_limit</AttributeType><IsRequired>false</IsRequired><Value i:nil="true"/></Attribute><Attribute z:Id="i62"><AttributeType>k_position</AttributeType><IsRequired>false</IsRequired><Value i:nil="true"/></Attribute><Attribute z:Id="i63"><AttributeType>k_velocity</AttributeType><IsRequired>true</IsRequired><Value i:nil="true"/></Attribute></Attributes><ChildElements/><ElementName>safety_controller</ElementName><required>false</required><KPositionAttribute z:Ref="i62"/><KVelocityAttribute z:Ref="i63"/><SoftLowerAttribute z:Ref="i61"/><SoftUpperAttribute z:Ref="i60"/></URDFElement><URDFElement z:Id="i64" i:type="Mimic"><Attributes><Attribute z:Id="i65"><AttributeType>joint</AttributeType><IsRequired>true</IsRequired><Value i:nil="true"/></Attribute><Attribute z:Id="i66"><AttributeType>multiplier</AttributeType><IsRequired>false</IsRequired><Value i:nil="true"/></Attribute><Attribute z:Id="i67"><AttributeType>offset</AttributeType><IsRequired>false</IsRequired><Value i:nil="true"/></Attribute></Attributes><ChildElements/><ElementName>mimic</ElementName><required>false</required><JointNameAttribute z:Ref="i65"/><MultiplierAttribute z:Ref="i66"/><OffsetAttribute z:Ref="i67"/></URDFElement></ChildElements><ElementName>joint</ElementName><required>false</required><Axis z:Ref="i46"/><AxisName/><Calibration z:Ref="i53"/><Child z:Ref="i44"/><CoordinateSystemName>?????????1</CoordinateSystemName><Dynamics z:Ref="i56"/><Limit z:Ref="i48"/><Mimic z:Ref="i64"/><NameAttribute z:Ref="i37"/><Origin z:Ref="i39"/><Parent z:Ref="i42"/><Safety z:Ref="i59"/><TypeAttribute z:Ref="i38"/></URDFElement></ChildElements><ElementName>link</ElementName><required>true</required><Children/><Collision z:Ref="i29"/><Inertial z:Ref="i3"/><Joint z:Ref="i36"/><NameAttribute z:Ref="i2"/><Parent i:nil="true"/><STLQualityFine>false</STLQualityFine><SWComponentPIDs xmlns:a="http://schemas.microsoft.com/2003/10/Serialization/Arrays"><a:base64Binary>mDoAAAUAAAD//v8ZYgBhAHMAawBlAHQAXwBjAG8AbABvAHIALgBzAHQAZQBwAC0AMQBAALTFSMEUvqy5MQAEAAAAEAAAAAEAAAABAAAAGAAAAA==</a:base64Binary></SWComponentPIDs><SWMainComponentPID i:nil="true"/><Visual z:Ref="i16"/><isFixedFrame>false</isFixedFrame><isIncomplete>false</isIncomplete></Link>
2025-04-08 03:55:16,915 INFO  AssemblyExportForm.cs: 309 - Saving URDF package to C:\isaacsim4.2.0\isaac-sim-standalone@4.2.0-rc.18+release.16044.3b2ed111.gl.windows-x86_64.release\intelligence\basket_color
2025-04-08 03:55:16,917 INFO  ExportHelper.cs: 147 - Beginning the export process
2025-04-08 03:55:16,919 INFO  ExportHelper.cs: 153 - Creating package directories with name basket_color and save path C:\isaacsim4.2.0\isaac-sim-standalone@4.2.0-rc.18+release.16044.3b2ed111.gl.windows-x86_64.release\intelligence
2025-04-08 03:55:18,147 INFO  ExportHelper.cs: 162 - Creating CMakeLists.txt at C:\isaacsim4.2.0\isaac-sim-standalone@4.2.0-rc.18+release.16044.3b2ed111.gl.windows-x86_64.release\intelligence\basket_color\CMakeLists.txt
2025-04-08 03:55:18,148 INFO  ExportHelper.cs: 166 - Creating joint names config at C:\isaacsim4.2.0\isaac-sim-standalone@4.2.0-rc.18+release.16044.3b2ed111.gl.windows-x86_64.release\intelligence\basket_color\config\joint_names_basket_color.yaml
2025-04-08 03:55:18,149 INFO  ExportHelper.cs: 170 - Creating package.xml at C:\isaacsim4.2.0\isaac-sim-standalone@4.2.0-rc.18+release.16044.3b2ed111.gl.windows-x86_64.release\intelligence\basket_color\package.xml
2025-04-08 03:55:18,149 INFO  PackageXMLWriter.cs: 21 - Creating package.xml at C:\isaacsim4.2.0\isaac-sim-standalone@4.2.0-rc.18+release.16044.3b2ed111.gl.windows-x86_64.release\intelligence\basket_color\package.xml
2025-04-08 03:55:18,151 INFO  ExportHelper.cs: 177 - Creating RVIZ launch file in C:\isaacsim4.2.0\isaac-sim-standalone@4.2.0-rc.18+release.16044.3b2ed111.gl.windows-x86_64.release\intelligence\basket_color\launch\
2025-04-08 03:55:18,152 INFO  ExportHelper.cs: 182 - Creating Gazebo launch file in C:\isaacsim4.2.0\isaac-sim-standalone@4.2.0-rc.18+release.16044.3b2ed111.gl.windows-x86_64.release\intelligence\basket_color\launch\
2025-04-08 03:55:18,153 INFO  ExportHelper.cs: 187 - Saving existing STL preferences
2025-04-08 03:55:18,154 INFO  ExportHelper.cs: 450 - Saving users preferences
2025-04-08 03:55:18,155 INFO  ExportHelper.cs: 190 - Modifying STL preferences
2025-04-08 03:55:18,155 INFO  ExportHelper.cs: 464 - Setting STL preferences
2025-04-08 03:55:18,206 INFO  ExportHelper.cs: 196 - Found 0 hidden components 
2025-04-08 03:55:18,207 INFO  ExportHelper.cs: 197 - Hiding all components
2025-04-08 03:55:18,226 INFO  ExportHelper.cs: 204 - Beginning individual files export
2025-04-08 03:55:18,228 INFO  ExportHelper.cs: 270 - Exporting link: base_link
2025-04-08 03:55:18,228 INFO  ExportHelper.cs: 272 - Link base_link has 0 children
2025-04-08 03:55:18,229 INFO  ExportHelper.cs: 317 - base_link: Exporting STL with coordinate frame ÁÂÇ¥°è1
2025-04-08 03:55:18,230 INFO  ExportHelper.cs: 322 - base_link: Reference geometry name 
2025-04-08 03:55:18,304 INFO  ExportHelper.cs: 330 - Saving STL to C:\isaacsim4.2.0\isaac-sim-standalone@4.2.0-rc.18+release.16044.3b2ed111.gl.windows-x86_64.release\intelligence\basket_color\meshes\base_link.STL
2025-04-08 03:55:18,725 INFO  ExportHelper.cs: 405 - Removing SW header in STL file
2025-04-08 03:55:18,726 INFO  ExportHelper.cs: 145 - Showing all components except previously hidden components
2025-04-08 03:55:18,732 INFO  ExportHelper.cs: 145 - Resetting STL preferences
2025-04-08 03:55:18,732 INFO  ExportHelper.cs: 478 - Returning STL preferences to user preferences
2025-04-08 03:55:18,742 INFO  ExportHelper.cs: 228 - Writing URDF file to C:\isaacsim4.2.0\isaac-sim-standalone@4.2.0-rc.18+release.16044.3b2ed111.gl.windows-x86_64.release\intelligence\basket_color\urdf\basket_color.urdf
2025-04-08 03:55:18,746 INFO  CSVImportExport.cs: 32 - Writing CSV file C:\isaacsim4.2.0\isaac-sim-standalone@4.2.0-rc.18+release.16044.3b2ed111.gl.windows-x86_64.release\intelligence\basket_color\urdf\basket_color.csv
2025-04-08 03:55:18,769 ERROR CSVImportExport.cs: 130 - The following columns were not written to the CSV: Link.Joint.ChildLink.link,
2025-04-08 03:55:18,770 INFO  ExportHelper.cs: 234 - Copying log file
2025-04-08 03:55:18,773 INFO  ExportHelper.cs: 439 - Copying C:\Users\mars\sw2urdf_logs\sw2urdf.log to C:\isaacsim4.2.0\isaac-sim-standalone@4.2.0-rc.18+release.16044.3b2ed111.gl.windows-x86_64.release\intelligence\basket_color\export.log
2025-04-08 03:55:18,774 INFO  ExportHelper.cs: 237 - Resetting STL preferences
2025-04-08 03:55:18,774 INFO  ExportHelper.cs: 478 - Returning STL preferences to user preferences
2025-04-08 04:23:54,430 INFO  SwAddin.cs: 294 - Assembly export called for file PALLET RACK MULTI CONFIG
2025-04-08 04:23:54,431 INFO  SwAddin.cs: 299 - Save is required
2025-04-08 04:23:54,432 INFO  SwAddin.cs: 313 - Saving assembly
2025-04-08 04:23:54,752 INFO  SwAddin.cs: 316 - Opening property manager
2025-04-08 04:23:54,753 INFO  ExportHelperExtension.cs: 1125 - Retrieving features of type [CoordSys] from PALLET RACK MULTI CONFIG
2025-04-08 04:23:54,753 INFO  ExportHelperExtension.cs: 1136 - Found 84 in PALLET RACK MULTI CONFIG
2025-04-08 04:23:54,754 INFO  ExportHelperExtension.cs: 1145 - Found 1 features of type [CoordSys] in PALLET RACK MULTI CONFIG
2025-04-08 04:23:54,755 INFO  ExportHelperExtension.cs: 1148 - Proceeding through assembly components
2025-04-08 04:23:54,755 INFO  ExportHelperExtension.cs: 1160 - 14 components to check
2025-04-08 04:23:54,756 INFO  ExportHelperExtension.cs: 1125 - Retrieving features of type [CoordSys] from PALLET RACK BEAM_MULTIFIG-1
2025-04-08 04:23:54,756 INFO  ExportHelperExtension.cs: 1136 - Found 41 in PALLET RACK BEAM_MULTIFIG-1
2025-04-08 04:23:54,756 INFO  ExportHelperExtension.cs: 1145 - Found 0 features of type [CoordSys] in PALLET RACK BEAM_MULTIFIG-1
2025-04-08 04:23:54,757 INFO  ExportHelperExtension.cs: 1125 - Retrieving features of type [CoordSys] from PALLET RACK UPRIGHT_MULTIFIG-1
2025-04-08 04:23:54,757 INFO  ExportHelperExtension.cs: 1136 - Found 57 in PALLET RACK UPRIGHT_MULTIFIG-1
2025-04-08 04:23:54,758 INFO  ExportHelperExtension.cs: 1145 - Found 0 features of type [CoordSys] in PALLET RACK UPRIGHT_MULTIFIG-1
2025-04-08 04:23:54,758 INFO  ExportHelperExtension.cs: 1125 - Retrieving features of type [CoordSys] from PALLET RACK UPRIGHT_MULTIFIG-2
2025-04-08 04:23:54,758 INFO  ExportHelperExtension.cs: 1136 - Found 57 in PALLET RACK UPRIGHT_MULTIFIG-2
2025-04-08 04:23:54,759 INFO  ExportHelperExtension.cs: 1145 - Found 0 features of type [CoordSys] in PALLET RACK UPRIGHT_MULTIFIG-2
2025-04-08 04:23:54,759 INFO  ExportHelperExtension.cs: 1125 - Retrieving features of type [CoordSys] from PALLET RACK BEAM_MULTIFIG-7
2025-04-08 04:23:54,759 INFO  ExportHelperExtension.cs: 1136 - Found 41 in PALLET RACK BEAM_MULTIFIG-7
2025-04-08 04:23:54,759 INFO  ExportHelperExtension.cs: 1145 - Found 0 features of type [CoordSys] in PALLET RACK BEAM_MULTIFIG-7
2025-04-08 04:23:54,760 INFO  ExportHelperExtension.cs: 1125 - Retrieving features of type [CoordSys] from PALLET RACK WIRE SHELF_MULTIFIG-17
2025-04-08 04:23:54,760 INFO  ExportHelperExtension.cs: 1136 - Found 45 in PALLET RACK WIRE SHELF_MULTIFIG-17
2025-04-08 04:23:54,760 INFO  ExportHelperExtension.cs: 1145 - Found 0 features of type [CoordSys] in PALLET RACK WIRE SHELF_MULTIFIG-17
2025-04-08 04:23:54,760 INFO  ExportHelperExtension.cs: 1125 - Retrieving features of type [CoordSys] from PALLET RACK WIRE SHELF_MULTIFIG-19
2025-04-08 04:23:54,761 INFO  ExportHelperExtension.cs: 1136 - Found 45 in PALLET RACK WIRE SHELF_MULTIFIG-19
2025-04-08 04:23:54,762 INFO  ExportHelperExtension.cs: 1145 - Found 0 features of type [CoordSys] in PALLET RACK WIRE SHELF_MULTIFIG-19
2025-04-08 04:23:54,762 INFO  ExportHelperExtension.cs: 1125 - Retrieving features of type [CoordSys] from PALLET RACK BEAM_MULTIFIG-19
2025-04-08 04:23:54,763 INFO  ExportHelperExtension.cs: 1136 - Found 41 in PALLET RACK BEAM_MULTIFIG-19
2025-04-08 04:23:54,763 INFO  ExportHelperExtension.cs: 1145 - Found 0 features of type [CoordSys] in PALLET RACK BEAM_MULTIFIG-19
2025-04-08 04:23:54,763 INFO  ExportHelperExtension.cs: 1125 - Retrieving features of type [CoordSys] from PALLET RACK BEAM_MULTIFIG-21
2025-04-08 04:23:54,763 INFO  ExportHelperExtension.cs: 1136 - Found 41 in PALLET RACK BEAM_MULTIFIG-21
2025-04-08 04:23:54,764 INFO  ExportHelperExtension.cs: 1145 - Found 0 features of type [CoordSys] in PALLET RACK BEAM_MULTIFIG-21
2025-04-08 04:23:54,765 INFO  ExportHelperExtension.cs: 1125 - Retrieving features of type [CoordSys] from PALLET RACK WIRE SHELF_MULTIFIG-16
2025-04-08 04:23:54,765 INFO  ExportHelperExtension.cs: 1136 - Found 45 in PALLET RACK WIRE SHELF_MULTIFIG-16
2025-04-08 04:23:54,765 INFO  ExportHelperExtension.cs: 1145 - Found 0 features of type [CoordSys] in PALLET RACK WIRE SHELF_MULTIFIG-16
2025-04-08 04:23:54,766 INFO  ExportHelperExtension.cs: 1125 - Retrieving features of type [CoordSys] from PALLET RACK BEAM_MULTIFIG-20
2025-04-08 04:23:54,766 INFO  ExportHelperExtension.cs: 1136 - Found 41 in PALLET RACK BEAM_MULTIFIG-20
2025-04-08 04:23:54,766 INFO  ExportHelperExtension.cs: 1145 - Found 0 features of type [CoordSys] in PALLET RACK BEAM_MULTIFIG-20
2025-04-08 04:23:54,767 INFO  ExportHelperExtension.cs: 1125 - Retrieving features of type [CoordSys] from PALLET RACK WIRE SHELF_MULTIFIG-1
2025-04-08 04:23:54,767 INFO  ExportHelperExtension.cs: 1136 - Found 45 in PALLET RACK WIRE SHELF_MULTIFIG-1
2025-04-08 04:23:54,767 INFO  ExportHelperExtension.cs: 1145 - Found 0 features of type [CoordSys] in PALLET RACK WIRE SHELF_MULTIFIG-1
2025-04-08 04:23:54,767 INFO  ExportHelperExtension.cs: 1125 - Retrieving features of type [CoordSys] from PALLET RACK BEAM_MULTIFIG-18
2025-04-08 04:23:54,768 INFO  ExportHelperExtension.cs: 1136 - Found 41 in PALLET RACK BEAM_MULTIFIG-18
2025-04-08 04:23:54,768 INFO  ExportHelperExtension.cs: 1145 - Found 0 features of type [CoordSys] in PALLET RACK BEAM_MULTIFIG-18
2025-04-08 04:23:54,768 INFO  ExportHelperExtension.cs: 1125 - Retrieving features of type [CoordSys] from PALLET RACK WIRE SHELF_MULTIFIG-5
2025-04-08 04:23:54,768 INFO  ExportHelperExtension.cs: 1136 - Found 45 in PALLET RACK WIRE SHELF_MULTIFIG-5
2025-04-08 04:23:54,769 INFO  ExportHelperExtension.cs: 1145 - Found 0 features of type [CoordSys] in PALLET RACK WIRE SHELF_MULTIFIG-5
2025-04-08 04:23:54,769 INFO  ExportHelperExtension.cs: 1125 - Retrieving features of type [CoordSys] from PALLET RACK WIRE SHELF_MULTIFIG-18
2025-04-08 04:23:54,769 INFO  ExportHelperExtension.cs: 1136 - Found 45 in PALLET RACK WIRE SHELF_MULTIFIG-18
2025-04-08 04:23:54,770 INFO  ExportHelperExtension.cs: 1145 - Found 0 features of type [CoordSys] in PALLET RACK WIRE SHELF_MULTIFIG-18
2025-04-08 04:23:54,770 INFO  ExportHelperExtension.cs: 1125 - Retrieving features of type [RefAxis] from PALLET RACK MULTI CONFIG
2025-04-08 04:23:54,770 INFO  ExportHelperExtension.cs: 1136 - Found 84 in PALLET RACK MULTI CONFIG
2025-04-08 04:23:54,771 INFO  ExportHelperExtension.cs: 1145 - Found 0 features of type [RefAxis] in PALLET RACK MULTI CONFIG
2025-04-08 04:23:54,771 INFO  ExportHelperExtension.cs: 1148 - Proceeding through assembly components
2025-04-08 04:23:54,771 INFO  ExportHelperExtension.cs: 1160 - 14 components to check
2025-04-08 04:23:54,771 INFO  ExportHelperExtension.cs: 1125 - Retrieving features of type [RefAxis] from PALLET RACK BEAM_MULTIFIG-1
2025-04-08 04:23:54,772 INFO  ExportHelperExtension.cs: 1136 - Found 41 in PALLET RACK BEAM_MULTIFIG-1
2025-04-08 04:23:54,772 INFO  ExportHelperExtension.cs: 1145 - Found 0 features of type [RefAxis] in PALLET RACK BEAM_MULTIFIG-1
2025-04-08 04:23:54,772 INFO  ExportHelperExtension.cs: 1125 - Retrieving features of type [RefAxis] from PALLET RACK UPRIGHT_MULTIFIG-1
2025-04-08 04:23:54,773 INFO  ExportHelperExtension.cs: 1136 - Found 57 in PALLET RACK UPRIGHT_MULTIFIG-1
2025-04-08 04:23:54,773 INFO  ExportHelperExtension.cs: 1145 - Found 1 features of type [RefAxis] in PALLET RACK UPRIGHT_MULTIFIG-1
2025-04-08 04:23:54,773 INFO  ExportHelperExtension.cs: 1125 - Retrieving features of type [RefAxis] from PALLET RACK UPRIGHT_MULTIFIG-2
2025-04-08 04:23:54,773 INFO  ExportHelperExtension.cs: 1136 - Found 57 in PALLET RACK UPRIGHT_MULTIFIG-2
2025-04-08 04:23:54,774 INFO  ExportHelperExtension.cs: 1145 - Found 1 features of type [RefAxis] in PALLET RACK UPRIGHT_MULTIFIG-2
2025-04-08 04:23:54,774 INFO  ExportHelperExtension.cs: 1125 - Retrieving features of type [RefAxis] from PALLET RACK BEAM_MULTIFIG-7
2025-04-08 04:23:54,775 INFO  ExportHelperExtension.cs: 1136 - Found 41 in PALLET RACK BEAM_MULTIFIG-7
2025-04-08 04:23:54,775 INFO  ExportHelperExtension.cs: 1145 - Found 0 features of type [RefAxis] in PALLET RACK BEAM_MULTIFIG-7
2025-04-08 04:23:54,775 INFO  ExportHelperExtension.cs: 1125 - Retrieving features of type [RefAxis] from PALLET RACK WIRE SHELF_MULTIFIG-17
2025-04-08 04:23:54,776 INFO  ExportHelperExtension.cs: 1136 - Found 45 in PALLET RACK WIRE SHELF_MULTIFIG-17
2025-04-08 04:23:54,776 INFO  ExportHelperExtension.cs: 1145 - Found 1 features of type [RefAxis] in PALLET RACK WIRE SHELF_MULTIFIG-17
2025-04-08 04:23:54,776 INFO  ExportHelperExtension.cs: 1125 - Retrieving features of type [RefAxis] from PALLET RACK WIRE SHELF_MULTIFIG-19
2025-04-08 04:23:54,776 INFO  ExportHelperExtension.cs: 1136 - Found 45 in PALLET RACK WIRE SHELF_MULTIFIG-19
2025-04-08 04:23:54,777 INFO  ExportHelperExtension.cs: 1145 - Found 1 features of type [RefAxis] in PALLET RACK WIRE SHELF_MULTIFIG-19
2025-04-08 04:23:54,777 INFO  ExportHelperExtension.cs: 1125 - Retrieving features of type [RefAxis] from PALLET RACK BEAM_MULTIFIG-19
2025-04-08 04:23:54,778 INFO  ExportHelperExtension.cs: 1136 - Found 41 in PALLET RACK BEAM_MULTIFIG-19
2025-04-08 04:23:54,778 INFO  ExportHelperExtension.cs: 1145 - Found 0 features of type [RefAxis] in PALLET RACK BEAM_MULTIFIG-19
2025-04-08 04:23:54,778 INFO  ExportHelperExtension.cs: 1125 - Retrieving features of type [RefAxis] from PALLET RACK BEAM_MULTIFIG-21
2025-04-08 04:23:54,778 INFO  ExportHelperExtension.cs: 1136 - Found 41 in PALLET RACK BEAM_MULTIFIG-21
2025-04-08 04:23:54,779 INFO  ExportHelperExtension.cs: 1145 - Found 0 features of type [RefAxis] in PALLET RACK BEAM_MULTIFIG-21
2025-04-08 04:23:54,779 INFO  ExportHelperExtension.cs: 1125 - Retrieving features of type [RefAxis] from PALLET RACK WIRE SHELF_MULTIFIG-16
2025-04-08 04:23:54,779 INFO  ExportHelperExtension.cs: 1136 - Found 45 in PALLET RACK WIRE SHELF_MULTIFIG-16
2025-04-08 04:23:54,779 INFO  ExportHelperExtension.cs: 1145 - Found 1 features of type [RefAxis] in PALLET RACK WIRE SHELF_MULTIFIG-16
2025-04-08 04:23:54,780 INFO  ExportHelperExtension.cs: 1125 - Retrieving features of type [RefAxis] from PALLET RACK BEAM_MULTIFIG-20
2025-04-08 04:23:54,780 INFO  ExportHelperExtension.cs: 1136 - Found 41 in PALLET RACK BEAM_MULTIFIG-20
2025-04-08 04:23:54,780 INFO  ExportHelperExtension.cs: 1145 - Found 0 features of type [RefAxis] in PALLET RACK BEAM_MULTIFIG-20
2025-04-08 04:23:54,780 INFO  ExportHelperExtension.cs: 1125 - Retrieving features of type [RefAxis] from PALLET RACK WIRE SHELF_MULTIFIG-1
2025-04-08 04:23:54,781 INFO  ExportHelperExtension.cs: 1136 - Found 45 in PALLET RACK WIRE SHELF_MULTIFIG-1
2025-04-08 04:23:54,781 INFO  ExportHelperExtension.cs: 1145 - Found 1 features of type [RefAxis] in PALLET RACK WIRE SHELF_MULTIFIG-1
2025-04-08 04:23:54,781 INFO  ExportHelperExtension.cs: 1125 - Retrieving features of type [RefAxis] from PALLET RACK BEAM_MULTIFIG-18
2025-04-08 04:23:54,782 INFO  ExportHelperExtension.cs: 1136 - Found 41 in PALLET RACK BEAM_MULTIFIG-18
2025-04-08 04:23:54,782 INFO  ExportHelperExtension.cs: 1145 - Found 0 features of type [RefAxis] in PALLET RACK BEAM_MULTIFIG-18
2025-04-08 04:23:54,782 INFO  ExportHelperExtension.cs: 1125 - Retrieving features of type [RefAxis] from PALLET RACK WIRE SHELF_MULTIFIG-5
2025-04-08 04:23:54,783 INFO  ExportHelperExtension.cs: 1136 - Found 45 in PALLET RACK WIRE SHELF_MULTIFIG-5
2025-04-08 04:23:54,783 INFO  ExportHelperExtension.cs: 1145 - Found 1 features of type [RefAxis] in PALLET RACK WIRE SHELF_MULTIFIG-5
2025-04-08 04:23:54,783 INFO  ExportHelperExtension.cs: 1125 - Retrieving features of type [RefAxis] from PALLET RACK WIRE SHELF_MULTIFIG-18
2025-04-08 04:23:54,783 INFO  ExportHelperExtension.cs: 1136 - Found 45 in PALLET RACK WIRE SHELF_MULTIFIG-18
2025-04-08 04:23:54,784 INFO  ExportHelperExtension.cs: 1145 - Found 1 features of type [RefAxis] in PALLET RACK WIRE SHELF_MULTIFIG-18
2025-04-08 04:23:54,905 INFO  SwAddin.cs: 339 - Loading config tree
2025-04-08 04:23:54,905 INFO  ExportPropertyManagerExtension.cs: 520 - Starting new configuration
2025-04-08 04:23:54,906 INFO  SwAddin.cs: 344 - Showing property manager
2025-04-08 04:24:06,311 INFO  ExportPropertyManager.cs: 1018 - OnComboboxSelectionChanged called. This method no longer throws an Exception. It just silently does nothing. Ok, except for this logging message
2025-04-08 04:24:08,722 INFO  ExportPropertyManager.cs: 422 - Configuration saved
2025-04-08 04:24:09,559 INFO  ExportHelperExtension.cs: 1125 - Retrieving features of type [CoordSys] from PALLET RACK MULTI CONFIG
2025-04-08 04:24:09,560 INFO  ExportHelperExtension.cs: 1136 - Found 85 in PALLET RACK MULTI CONFIG
2025-04-08 04:24:09,560 INFO  ExportHelperExtension.cs: 1145 - Found 1 features of type [CoordSys] in PALLET RACK MULTI CONFIG
2025-04-08 04:24:09,560 INFO  ExportHelperExtension.cs: 1148 - Proceeding through assembly components
2025-04-08 04:24:09,561 INFO  ExportHelperExtension.cs: 1160 - 14 components to check
2025-04-08 04:24:09,561 INFO  ExportHelperExtension.cs: 1125 - Retrieving features of type [CoordSys] from PALLET RACK BEAM_MULTIFIG-1
2025-04-08 04:24:09,561 INFO  ExportHelperExtension.cs: 1136 - Found 41 in PALLET RACK BEAM_MULTIFIG-1
2025-04-08 04:24:09,562 INFO  ExportHelperExtension.cs: 1145 - Found 0 features of type [CoordSys] in PALLET RACK BEAM_MULTIFIG-1
2025-04-08 04:24:09,565 INFO  ExportHelperExtension.cs: 1125 - Retrieving features of type [CoordSys] from PALLET RACK UPRIGHT_MULTIFIG-1
2025-04-08 04:24:09,572 INFO  ExportHelperExtension.cs: 1136 - Found 57 in PALLET RACK UPRIGHT_MULTIFIG-1
2025-04-08 04:24:09,572 INFO  ExportHelperExtension.cs: 1145 - Found 0 features of type [CoordSys] in PALLET RACK UPRIGHT_MULTIFIG-1
2025-04-08 04:24:09,573 INFO  ExportHelperExtension.cs: 1125 - Retrieving features of type [CoordSys] from PALLET RACK UPRIGHT_MULTIFIG-2
2025-04-08 04:24:09,573 INFO  ExportHelperExtension.cs: 1136 - Found 57 in PALLET RACK UPRIGHT_MULTIFIG-2
2025-04-08 04:24:09,573 INFO  ExportHelperExtension.cs: 1145 - Found 0 features of type [CoordSys] in PALLET RACK UPRIGHT_MULTIFIG-2
2025-04-08 04:24:09,574 INFO  ExportHelperExtension.cs: 1125 - Retrieving features of type [CoordSys] from PALLET RACK BEAM_MULTIFIG-7
2025-04-08 04:24:09,574 INFO  ExportHelperExtension.cs: 1136 - Found 41 in PALLET RACK BEAM_MULTIFIG-7
2025-04-08 04:24:09,574 INFO  ExportHelperExtension.cs: 1145 - Found 0 features of type [CoordSys] in PALLET RACK BEAM_MULTIFIG-7
2025-04-08 04:24:09,574 INFO  ExportHelperExtension.cs: 1125 - Retrieving features of type [CoordSys] from PALLET RACK WIRE SHELF_MULTIFIG-17
2025-04-08 04:24:09,575 INFO  ExportHelperExtension.cs: 1136 - Found 45 in PALLET RACK WIRE SHELF_MULTIFIG-17
2025-04-08 04:24:09,575 INFO  ExportHelperExtension.cs: 1145 - Found 0 features of type [CoordSys] in PALLET RACK WIRE SHELF_MULTIFIG-17
2025-04-08 04:24:09,575 INFO  ExportHelperExtension.cs: 1125 - Retrieving features of type [CoordSys] from PALLET RACK WIRE SHELF_MULTIFIG-19
2025-04-08 04:24:09,575 INFO  ExportHelperExtension.cs: 1136 - Found 45 in PALLET RACK WIRE SHELF_MULTIFIG-19
2025-04-08 04:24:09,576 INFO  ExportHelperExtension.cs: 1145 - Found 0 features of type [CoordSys] in PALLET RACK WIRE SHELF_MULTIFIG-19
2025-04-08 04:24:09,576 INFO  ExportHelperExtension.cs: 1125 - Retrieving features of type [CoordSys] from PALLET RACK BEAM_MULTIFIG-19
2025-04-08 04:24:09,576 INFO  ExportHelperExtension.cs: 1136 - Found 41 in PALLET RACK BEAM_MULTIFIG-19
2025-04-08 04:24:09,577 INFO  ExportHelperExtension.cs: 1145 - Found 0 features of type [CoordSys] in PALLET RACK BEAM_MULTIFIG-19
2025-04-08 04:24:09,577 INFO  ExportHelperExtension.cs: 1125 - Retrieving features of type [CoordSys] from PALLET RACK BEAM_MULTIFIG-21
2025-04-08 04:24:09,577 INFO  ExportHelperExtension.cs: 1136 - Found 41 in PALLET RACK BEAM_MULTIFIG-21
2025-04-08 04:24:09,577 INFO  ExportHelperExtension.cs: 1145 - Found 0 features of type [CoordSys] in PALLET RACK BEAM_MULTIFIG-21
2025-04-08 04:24:09,577 INFO  ExportHelperExtension.cs: 1125 - Retrieving features of type [CoordSys] from PALLET RACK WIRE SHELF_MULTIFIG-16
2025-04-08 04:24:09,578 INFO  ExportHelperExtension.cs: 1136 - Found 45 in PALLET RACK WIRE SHELF_MULTIFIG-16
2025-04-08 04:24:09,578 INFO  ExportHelperExtension.cs: 1145 - Found 0 features of type [CoordSys] in PALLET RACK WIRE SHELF_MULTIFIG-16
2025-04-08 04:24:09,578 INFO  ExportHelperExtension.cs: 1125 - Retrieving features of type [CoordSys] from PALLET RACK BEAM_MULTIFIG-20
2025-04-08 04:24:09,578 INFO  ExportHelperExtension.cs: 1136 - Found 41 in PALLET RACK BEAM_MULTIFIG-20
2025-04-08 04:24:09,579 INFO  ExportHelperExtension.cs: 1145 - Found 0 features of type [CoordSys] in PALLET RACK BEAM_MULTIFIG-20
2025-04-08 04:24:09,579 INFO  ExportHelperExtension.cs: 1125 - Retrieving features of type [CoordSys] from PALLET RACK WIRE SHELF_MULTIFIG-1
2025-04-08 04:24:09,579 INFO  ExportHelperExtension.cs: 1136 - Found 45 in PALLET RACK WIRE SHELF_MULTIFIG-1
2025-04-08 04:24:09,579 INFO  ExportHelperExtension.cs: 1145 - Found 0 features of type [CoordSys] in PALLET RACK WIRE SHELF_MULTIFIG-1
2025-04-08 04:24:09,580 INFO  ExportHelperExtension.cs: 1125 - Retrieving features of type [CoordSys] from PALLET RACK BEAM_MULTIFIG-18
2025-04-08 04:24:09,580 INFO  ExportHelperExtension.cs: 1136 - Found 41 in PALLET RACK BEAM_MULTIFIG-18
2025-04-08 04:24:09,580 INFO  ExportHelperExtension.cs: 1145 - Found 0 features of type [CoordSys] in PALLET RACK BEAM_MULTIFIG-18
2025-04-08 04:24:09,580 INFO  ExportHelperExtension.cs: 1125 - Retrieving features of type [CoordSys] from PALLET RACK WIRE SHELF_MULTIFIG-5
2025-04-08 04:24:09,581 INFO  ExportHelperExtension.cs: 1136 - Found 45 in PALLET RACK WIRE SHELF_MULTIFIG-5
2025-04-08 04:24:09,581 INFO  ExportHelperExtension.cs: 1145 - Found 0 features of type [CoordSys] in PALLET RACK WIRE SHELF_MULTIFIG-5
2025-04-08 04:24:09,581 INFO  ExportHelperExtension.cs: 1125 - Retrieving features of type [CoordSys] from PALLET RACK WIRE SHELF_MULTIFIG-18
2025-04-08 04:24:09,581 INFO  ExportHelperExtension.cs: 1136 - Found 45 in PALLET RACK WIRE SHELF_MULTIFIG-18
2025-04-08 04:24:09,582 INFO  ExportHelperExtension.cs: 1145 - Found 0 features of type [CoordSys] in PALLET RACK WIRE SHELF_MULTIFIG-18
2025-04-08 04:24:09,582 INFO  ExportHelperExtension.cs: 1125 - Retrieving features of type [RefAxis] from PALLET RACK MULTI CONFIG
2025-04-08 04:24:09,582 INFO  ExportHelperExtension.cs: 1136 - Found 85 in PALLET RACK MULTI CONFIG
2025-04-08 04:24:09,583 INFO  ExportHelperExtension.cs: 1145 - Found 0 features of type [RefAxis] in PALLET RACK MULTI CONFIG
2025-04-08 04:24:09,583 INFO  ExportHelperExtension.cs: 1148 - Proceeding through assembly components
2025-04-08 04:24:09,583 INFO  ExportHelperExtension.cs: 1160 - 14 components to check
2025-04-08 04:24:09,583 INFO  ExportHelperExtension.cs: 1125 - Retrieving features of type [RefAxis] from PALLET RACK BEAM_MULTIFIG-1
2025-04-08 04:24:09,583 INFO  ExportHelperExtension.cs: 1136 - Found 41 in PALLET RACK BEAM_MULTIFIG-1
2025-04-08 04:24:09,584 INFO  ExportHelperExtension.cs: 1145 - Found 0 features of type [RefAxis] in PALLET RACK BEAM_MULTIFIG-1
2025-04-08 04:24:09,584 INFO  ExportHelperExtension.cs: 1125 - Retrieving features of type [RefAxis] from PALLET RACK UPRIGHT_MULTIFIG-1
2025-04-08 04:24:09,584 INFO  ExportHelperExtension.cs: 1136 - Found 57 in PALLET RACK UPRIGHT_MULTIFIG-1
2025-04-08 04:24:09,585 INFO  ExportHelperExtension.cs: 1145 - Found 1 features of type [RefAxis] in PALLET RACK UPRIGHT_MULTIFIG-1
2025-04-08 04:24:09,585 INFO  ExportHelperExtension.cs: 1125 - Retrieving features of type [RefAxis] from PALLET RACK UPRIGHT_MULTIFIG-2
2025-04-08 04:24:09,585 INFO  ExportHelperExtension.cs: 1136 - Found 57 in PALLET RACK UPRIGHT_MULTIFIG-2
2025-04-08 04:24:09,585 INFO  ExportHelperExtension.cs: 1145 - Found 1 features of type [RefAxis] in PALLET RACK UPRIGHT_MULTIFIG-2
2025-04-08 04:24:09,586 INFO  ExportHelperExtension.cs: 1125 - Retrieving features of type [RefAxis] from PALLET RACK BEAM_MULTIFIG-7
2025-04-08 04:24:09,586 INFO  ExportHelperExtension.cs: 1136 - Found 41 in PALLET RACK BEAM_MULTIFIG-7
2025-04-08 04:24:09,586 INFO  ExportHelperExtension.cs: 1145 - Found 0 features of type [RefAxis] in PALLET RACK BEAM_MULTIFIG-7
2025-04-08 04:24:09,586 INFO  ExportHelperExtension.cs: 1125 - Retrieving features of type [RefAxis] from PALLET RACK WIRE SHELF_MULTIFIG-17
2025-04-08 04:24:09,587 INFO  ExportHelperExtension.cs: 1136 - Found 45 in PALLET RACK WIRE SHELF_MULTIFIG-17
2025-04-08 04:24:09,587 INFO  ExportHelperExtension.cs: 1145 - Found 1 features of type [RefAxis] in PALLET RACK WIRE SHELF_MULTIFIG-17
2025-04-08 04:24:09,587 INFO  ExportHelperExtension.cs: 1125 - Retrieving features of type [RefAxis] from PALLET RACK WIRE SHELF_MULTIFIG-19
2025-04-08 04:24:09,588 INFO  ExportHelperExtension.cs: 1136 - Found 45 in PALLET RACK WIRE SHELF_MULTIFIG-19
2025-04-08 04:24:09,588 INFO  ExportHelperExtension.cs: 1145 - Found 1 features of type [RefAxis] in PALLET RACK WIRE SHELF_MULTIFIG-19
2025-04-08 04:24:09,588 INFO  ExportHelperExtension.cs: 1125 - Retrieving features of type [RefAxis] from PALLET RACK BEAM_MULTIFIG-19
2025-04-08 04:24:09,588 INFO  ExportHelperExtension.cs: 1136 - Found 41 in PALLET RACK BEAM_MULTIFIG-19
2025-04-08 04:24:09,589 INFO  ExportHelperExtension.cs: 1145 - Found 0 features of type [RefAxis] in PALLET RACK BEAM_MULTIFIG-19
2025-04-08 04:24:09,589 INFO  ExportHelperExtension.cs: 1125 - Retrieving features of type [RefAxis] from PALLET RACK BEAM_MULTIFIG-21
2025-04-08 04:24:09,589 INFO  ExportHelperExtension.cs: 1136 - Found 41 in PALLET RACK BEAM_MULTIFIG-21
2025-04-08 04:24:09,589 INFO  ExportHelperExtension.cs: 1145 - Found 0 features of type [RefAxis] in PALLET RACK BEAM_MULTIFIG-21
2025-04-08 04:24:09,590 INFO  ExportHelperExtension.cs: 1125 - Retrieving features of type [RefAxis] from PALLET RACK WIRE SHELF_MULTIFIG-16
2025-04-08 04:24:09,590 INFO  ExportHelperExtension.cs: 1136 - Found 45 in PALLET RACK WIRE SHELF_MULTIFIG-16
2025-04-08 04:24:09,590 INFO  ExportHelperExtension.cs: 1145 - Found 1 features of type [RefAxis] in PALLET RACK WIRE SHELF_MULTIFIG-16
2025-04-08 04:24:09,590 INFO  ExportHelperExtension.cs: 1125 - Retrieving features of type [RefAxis] from PALLET RACK BEAM_MULTIFIG-20
2025-04-08 04:24:09,591 INFO  ExportHelperExtension.cs: 1136 - Found 41 in PALLET RACK BEAM_MULTIFIG-20
2025-04-08 04:24:09,591 INFO  ExportHelperExtension.cs: 1145 - Found 0 features of type [RefAxis] in PALLET RACK BEAM_MULTIFIG-20
2025-04-08 04:24:09,591 INFO  ExportHelperExtension.cs: 1125 - Retrieving features of type [RefAxis] from PALLET RACK WIRE SHELF_MULTIFIG-1
2025-04-08 04:24:09,591 INFO  ExportHelperExtension.cs: 1136 - Found 45 in PALLET RACK WIRE SHELF_MULTIFIG-1
2025-04-08 04:24:09,592 INFO  ExportHelperExtension.cs: 1145 - Found 1 features of type [RefAxis] in PALLET RACK WIRE SHELF_MULTIFIG-1
2025-04-08 04:24:09,592 INFO  ExportHelperExtension.cs: 1125 - Retrieving features of type [RefAxis] from PALLET RACK BEAM_MULTIFIG-18
2025-04-08 04:24:09,592 INFO  ExportHelperExtension.cs: 1136 - Found 41 in PALLET RACK BEAM_MULTIFIG-18
2025-04-08 04:24:09,592 INFO  ExportHelperExtension.cs: 1145 - Found 0 features of type [RefAxis] in PALLET RACK BEAM_MULTIFIG-18
2025-04-08 04:24:09,593 INFO  ExportHelperExtension.cs: 1125 - Retrieving features of type [RefAxis] from PALLET RACK WIRE SHELF_MULTIFIG-5
2025-04-08 04:24:09,593 INFO  ExportHelperExtension.cs: 1136 - Found 45 in PALLET RACK WIRE SHELF_MULTIFIG-5
2025-04-08 04:24:09,593 INFO  ExportHelperExtension.cs: 1145 - Found 1 features of type [RefAxis] in PALLET RACK WIRE SHELF_MULTIFIG-5
2025-04-08 04:24:09,593 INFO  ExportHelperExtension.cs: 1125 - Retrieving features of type [RefAxis] from PALLET RACK WIRE SHELF_MULTIFIG-18
2025-04-08 04:24:09,593 INFO  ExportHelperExtension.cs: 1136 - Found 45 in PALLET RACK WIRE SHELF_MULTIFIG-18
2025-04-08 04:24:09,594 INFO  ExportHelperExtension.cs: 1145 - Found 1 features of type [RefAxis] in PALLET RACK WIRE SHELF_MULTIFIG-18
2025-04-08 04:24:09,623 INFO  ExportPropertyManager.cs: 1142 - AfterClose called. This method no longer throws an Exception. It just silently does nothing. Ok, except for this logging message
2025-04-08 04:24:14,660 INFO  AssemblyExportForm.cs: 253 - Completing URDF export
2025-04-08 04:24:14,661 INFO  ConfigurationSerialization.cs: 276 - URDF Configuration found
<Link z:Id="i1" xmlns="http://schemas.datacontract.org/2004/07/SW2URDF" xmlns:i="http://www.w3.org/2001/XMLSchema-instance" xmlns:z="http://schemas.microsoft.com/2003/10/Serialization/"><Attributes><Attribute z:Id="i2"><AttributeType>name</AttributeType><IsRequired>true</IsRequired><Value i:type="a:string" xmlns:a="http://www.w3.org/2001/XMLSchema">base_link</Value></Attribute></Attributes><ChildElements><URDFElement z:Id="i3" i:type="Inertial"><Attributes/><ChildElements><URDFElement z:Id="i4" i:type="Origin"><Attributes><Attribute z:Id="i5"><AttributeType>xyz</AttributeType><IsRequired>true</IsRequired><Value i:type="a:ArrayOfdouble" xmlns:a="http://schemas.microsoft.com/2003/10/Serialization/Arrays"><a:double>0</a:double><a:double>0</a:double><a:double>0</a:double></Value></Attribute><Attribute z:Id="i6"><AttributeType>rpy</AttributeType><IsRequired>true</IsRequired><Value i:type="a:ArrayOfdouble" xmlns:a="http://schemas.microsoft.com/2003/10/Serialization/Arrays"><a:double>0</a:double><a:double>0</a:double><a:double>0</a:double></Value></Attribute></Attributes><ChildElements/><ElementName>origin</ElementName><required>false</required><RPYAttribute z:Ref="i6"/><XYZAttribute z:Ref="i5"/><isCustomized>false</isCustomized></URDFElement><URDFElement z:Id="i7" i:type="Mass"><Attributes><Attribute z:Id="i8"><AttributeType>value</AttributeType><IsRequired>true</IsRequired><Value i:type="a:double" xmlns:a="http://www.w3.org/2001/XMLSchema">0</Value></Attribute></Attributes><ChildElements/><ElementName>mass</ElementName><required>false</required><ValueAttribute z:Ref="i8"/></URDFElement><URDFElement z:Id="i9" i:type="Inertia"><Attributes><Attribute z:Id="i10"><AttributeType>ixx</AttributeType><IsRequired>true</IsRequired><Value i:type="a:double" xmlns:a="http://www.w3.org/2001/XMLSchema">0</Value></Attribute><Attribute z:Id="i11"><AttributeType>ixy</AttributeType><IsRequired>true</IsRequired><Value i:type="a:double" xmlns:a="http://www.w3.org/2001/XMLSchema">0</Value></Attribute><Attribute z:Id="i12"><AttributeType>ixz</AttributeType><IsRequired>true</IsRequired><Value i:type="a:double" xmlns:a="http://www.w3.org/2001/XMLSchema">0</Value></Attribute><Attribute z:Id="i13"><AttributeType>iyy</AttributeType><IsRequired>true</IsRequired><Value i:type="a:double" xmlns:a="http://www.w3.org/2001/XMLSchema">0</Value></Attribute><Attribute z:Id="i14"><AttributeType>iyz</AttributeType><IsRequired>true</IsRequired><Value i:type="a:double" xmlns:a="http://www.w3.org/2001/XMLSchema">0</Value></Attribute><Attribute z:Id="i15"><AttributeType>izz</AttributeType><IsRequired>true</IsRequired><Value i:type="a:double" xmlns:a="http://www.w3.org/2001/XMLSchema">0</Value></Attribute></Attributes><ChildElements/><ElementName>inertia</ElementName><required>false</required><IxxAttribute z:Ref="i10"/><IxyAttribute z:Ref="i11"/><IxzAttribute z:Ref="i12"/><IyyAttribute z:Ref="i13"/><IyzAttribute z:Ref="i14"/><IzzAttribute z:Ref="i15"/></URDFElement></ChildElements><ElementName>inertial</ElementName><required>false</required><Inertia z:Ref="i9"/><Mass z:Ref="i7"/><Origin z:Ref="i4"/></URDFElement><URDFElement z:Id="i16" i:type="Visual"><Attributes/><ChildElements><URDFElement z:Id="i17" i:type="Origin"><Attributes><Attribute z:Id="i18"><AttributeType>xyz</AttributeType><IsRequired>true</IsRequired><Value i:type="a:ArrayOfdouble" xmlns:a="http://schemas.microsoft.com/2003/10/Serialization/Arrays"><a:double>0</a:double><a:double>0</a:double><a:double>0</a:double></Value></Attribute><Attribute z:Id="i19"><AttributeType>rpy</AttributeType><IsRequired>true</IsRequired><Value i:type="a:ArrayOfdouble" xmlns:a="http://schemas.microsoft.com/2003/10/Serialization/Arrays"><a:double>0</a:double><a:double>0</a:double><a:double>0</a:double></Value></Attribute></Attributes><ChildElements/><ElementName>origin</ElementName><required>false</required><RPYAttribute z:Ref="i19"/><XYZAttribute z:Ref="i18"/><isCustomized>false</isCustomized></URDFElement><URDFElement z:Id="i20" i:type="Geometry"><Attributes/><ChildElements><URDFElement z:Id="i21" i:type="Mesh"><Attributes><Attribute z:Id="i22"><AttributeType>filename</AttributeType><IsRequired>true</IsRequired><Value i:nil="true"/></Attribute></Attributes><ChildElements/><ElementName>mesh</ElementName><required>false</required><FilenameAttribute z:Ref="i22"/></URDFElement></ChildElements><ElementName>geometry</ElementName><required>true</required><Mesh z:Ref="i21"/></URDFElement><URDFElement z:Id="i23" i:type="Material"><Attributes><Attribute z:Id="i24"><AttributeType>name</AttributeType><IsRequired>true</IsRequired><Value i:type="a:string" xmlns:a="http://www.w3.org/2001/XMLSchema"/></Attribute></Attributes><ChildElements><URDFElement z:Id="i25" i:type="Color"><Attributes><Attribute z:Id="i26"><AttributeType>rgba</AttributeType><IsRequired>true</IsRequired><Value i:type="a:ArrayOfdouble" xmlns:a="http://schemas.microsoft.com/2003/10/Serialization/Arrays"><a:double>1</a:double><a:double>1</a:double><a:double>1</a:double><a:double>1</a:double></Value></Attribute></Attributes><ChildElements/><ElementName>color</ElementName><required>false</required><RGBAAttribute z:Ref="i26"/></URDFElement><URDFElement z:Id="i27" i:type="Texture"><Attributes><Attribute z:Id="i28"><AttributeType>filename</AttributeType><IsRequired>true</IsRequired><Value i:nil="true"/></Attribute></Attributes><ChildElements/><ElementName>texture</ElementName><required>false</required><FilenameAttribute z:Ref="i28"/><wFilename/></URDFElement></ChildElements><ElementName>material</ElementName><required>false</required><Color z:Ref="i25"/><NameAttribute z:Ref="i24"/><Texture z:Ref="i27"/></URDFElement></ChildElements><ElementName>visual</ElementName><required>false</required><Geometry z:Ref="i20"/><Material z:Ref="i23"/><Origin z:Ref="i17"/></URDFElement><URDFElement z:Id="i29" i:type="Collision"><Attributes/><ChildElements><URDFElement z:Id="i30" i:type="Origin"><Attributes><Attribute z:Id="i31"><AttributeType>xyz</AttributeType><IsRequired>true</IsRequired><Value i:type="a:ArrayOfdouble" xmlns:a="http://schemas.microsoft.com/2003/10/Serialization/Arrays"><a:double>0</a:double><a:double>0</a:double><a:double>0</a:double></Value></Attribute><Attribute z:Id="i32"><AttributeType>rpy</AttributeType><IsRequired>true</IsRequired><Value i:type="a:ArrayOfdouble" xmlns:a="http://schemas.microsoft.com/2003/10/Serialization/Arrays"><a:double>0</a:double><a:double>0</a:double><a:double>0</a:double></Value></Attribute></Attributes><ChildElements/><ElementName>origin</ElementName><required>false</required><RPYAttribute z:Ref="i32"/><XYZAttribute z:Ref="i31"/><isCustomized>false</isCustomized></URDFElement><URDFElement z:Id="i33" i:type="Geometry"><Attributes/><ChildElements><URDFElement z:Id="i34" i:type="Mesh"><Attributes><Attribute z:Id="i35"><AttributeType>filename</AttributeType><IsRequired>true</IsRequired><Value i:nil="true"/></Attribute></Attributes><ChildElements/><ElementName>mesh</ElementName><required>false</required><FilenameAttribute z:Ref="i35"/></URDFElement></ChildElements><ElementName>geometry</ElementName><required>true</required><Mesh z:Ref="i34"/></URDFElement></ChildElements><ElementName>collision</ElementName><required>false</required><Geometry z:Ref="i33"/><Origin z:Ref="i30"/></URDFElement><URDFElement z:Id="i36" i:type="Joint"><Attributes><Attribute z:Id="i37"><AttributeType>name</AttributeType><IsRequired>true</IsRequired><Value i:type="a:string" xmlns:a="http://www.w3.org/2001/XMLSchema"/></Attribute><Attribute z:Id="i38"><AttributeType>type</AttributeType><IsRequired>true</IsRequired><Value i:type="a:string" xmlns:a="http://www.w3.org/2001/XMLSchema"/></Attribute></Attributes><ChildElements><URDFElement z:Id="i39" i:type="Origin"><Attributes><Attribute z:Id="i40"><AttributeType>xyz</AttributeType><IsRequired>true</IsRequired><Value i:type="a:ArrayOfdouble" xmlns:a="http://schemas.microsoft.com/2003/10/Serialization/Arrays"><a:double>0</a:double><a:double>0</a:double><a:double>0</a:double></Value></Attribute><Attribute z:Id="i41"><AttributeType>rpy</AttributeType><IsRequired>true</IsRequired><Value i:type="a:ArrayOfdouble" xmlns:a="http://schemas.microsoft.com/2003/10/Serialization/Arrays"><a:double>0</a:double><a:double>0</a:double><a:double>0</a:double></Value></Attribute></Attributes><ChildElements/><ElementName>origin</ElementName><required>false</required><RPYAttribute z:Ref="i41"/><XYZAttribute z:Ref="i40"/><isCustomized>false</isCustomized></URDFElement><URDFElement z:Id="i42" i:type="ParentLink"><Attributes><Attribute z:Id="i43"><AttributeType>link</AttributeType><IsRequired>true</IsRequired><Value i:type="a:string" xmlns:a="http://www.w3.org/2001/XMLSchema"/></Attribute></Attributes><ChildElements/><ElementName>parent</ElementName><required>true</required><NameAttribute z:Ref="i43"/></URDFElement><URDFElement z:Id="i44" i:type="ChildLink"><Attributes><Attribute z:Id="i45"><AttributeType>link</AttributeType><IsRequired>true</IsRequired><Value i:type="a:string" xmlns:a="http://www.w3.org/2001/XMLSchema"/></Attribute></Attributes><ChildElements/><ElementName>child</ElementName><required>true</required><NameAttribute z:Ref="i45"/></URDFElement><URDFElement z:Id="i46" i:type="Axis"><Attributes><Attribute z:Id="i47"><AttributeType>xyz</AttributeType><IsRequired>true</IsRequired><Value i:type="a:ArrayOfdouble" xmlns:a="http://schemas.microsoft.com/2003/10/Serialization/Arrays"><a:double>0</a:double><a:double>0</a:double><a:double>0</a:double></Value></Attribute></Attributes><ChildElements/><ElementName>axis</ElementName><required>false</required><XYZAttribute z:Ref="i47"/></URDFElement><URDFElement z:Id="i48" i:type="Limit"><Attributes><Attribute z:Id="i49"><AttributeType>lower</AttributeType><IsRequired>false</IsRequired><Value i:nil="true"/></Attribute><Attribute z:Id="i50"><AttributeType>upper</AttributeType><IsRequired>false</IsRequired><Value i:nil="true"/></Attribute><Attribute z:Id="i51"><AttributeType>effort</AttributeType><IsRequired>true</IsRequired><Value i:nil="true"/></Attribute><Attribute z:Id="i52"><AttributeType>velocity</AttributeType><IsRequired>true</IsRequired><Value i:nil="true"/></Attribute></Attributes><ChildElements/><ElementName>limit</ElementName><required>false</required><EffortAttribute z:Ref="i51"/><LowerAttribute z:Ref="i49"/><UpperAttribute z:Ref="i50"/><VelocityAttribute z:Ref="i52"/></URDFElement><URDFElement z:Id="i53" i:type="Calibration"><Attributes><Attribute z:Id="i54"><AttributeType>rising</AttributeType><IsRequired>false</IsRequired><Value i:nil="true"/></Attribute><Attribute z:Id="i55"><AttributeType>falling</AttributeType><IsRequired>false</IsRequired><Value i:nil="true"/></Attribute></Attributes><ChildElements/><ElementName>calibration</ElementName><required>false</required><FallingAttribute z:Ref="i55"/><RisingAttribute z:Ref="i54"/></URDFElement><URDFElement z:Id="i56" i:type="Dynamics"><Attributes><Attribute z:Id="i57"><AttributeType>damping</AttributeType><IsRequired>false</IsRequired><Value i:nil="true"/></Attribute><Attribute z:Id="i58"><AttributeType>friction</AttributeType><IsRequired>false</IsRequired><Value i:nil="true"/></Attribute></Attributes><ChildElements/><ElementName>dynamics</ElementName><required>false</required><DampingAttribute z:Ref="i57"/><FrictionAttribute z:Ref="i58"/></URDFElement><URDFElement z:Id="i59" i:type="SafetyController"><Attributes><Attribute z:Id="i60"><AttributeType>soft_upper_limit</AttributeType><IsRequired>false</IsRequired><Value i:nil="true"/></Attribute><Attribute z:Id="i61"><AttributeType>soft_lower_limit</AttributeType><IsRequired>false</IsRequired><Value i:nil="true"/></Attribute><Attribute z:Id="i62"><AttributeType>k_position</AttributeType><IsRequired>false</IsRequired><Value i:nil="true"/></Attribute><Attribute z:Id="i63"><AttributeType>k_velocity</AttributeType><IsRequired>true</IsRequired><Value i:nil="true"/></Attribute></Attributes><ChildElements/><ElementName>safety_controller</ElementName><required>false</required><KPositionAttribute z:Ref="i62"/><KVelocityAttribute z:Ref="i63"/><SoftLowerAttribute z:Ref="i61"/><SoftUpperAttribute z:Ref="i60"/></URDFElement><URDFElement z:Id="i64" i:type="Mimic"><Attributes><Attribute z:Id="i65"><AttributeType>joint</AttributeType><IsRequired>true</IsRequired><Value i:nil="true"/></Attribute><Attribute z:Id="i66"><AttributeType>multiplier</AttributeType><IsRequired>false</IsRequired><Value i:nil="true"/></Attribute><Attribute z:Id="i67"><AttributeType>offset</AttributeType><IsRequired>false</IsRequired><Value i:nil="true"/></Attribute></Attributes><ChildElements/><ElementName>mimic</ElementName><required>false</required><JointNameAttribute z:Ref="i65"/><MultiplierAttribute z:Ref="i66"/><OffsetAttribute z:Ref="i67"/></URDFElement></ChildElements><ElementName>joint</ElementName><required>false</required><Axis z:Ref="i46"/><AxisName/><Calibration z:Ref="i53"/><Child z:Ref="i44"/><CoordinateSystemName>?????????1</CoordinateSystemName><Dynamics z:Ref="i56"/><Limit z:Ref="i48"/><Mimic z:Ref="i64"/><NameAttribute z:Ref="i37"/><Origin z:Ref="i39"/><Parent z:Ref="i42"/><Safety z:Ref="i59"/><TypeAttribute z:Ref="i38"/></URDFElement></ChildElements><ElementName>link</ElementName><required>true</required><Children/><Collision z:Ref="i29"/><Inertial z:Ref="i3"/><Joint z:Ref="i36"/><NameAttribute z:Ref="i2"/><Parent i:nil="true"/><STLQualityFine>false</STLQualityFine><SWComponentPIDs xmlns:a="http://schemas.microsoft.com/2003/10/Serialization/Arrays"><a:base64Binary>mDoAAAUAAAD//v83UABBAEwATABFAFQAIABSAEEAQwBLACAAVQBQAFIASQBHAEgAVABfAE0AVQBMAFQASQBGAEkARwAtADEAQABQAEEATABMAEUAVAAgAFIAQQBDAEsAIABNAFUATABUAEkAIABDAE8ATgBGAEkARwAEAAAAEAAAAAEAAAABAAAAFQAAAA==</a:base64Binary><a:base64Binary>mDoAAAUAAAD//v83UABBAEwATABFAFQAIABSAEEAQwBLACAAVQBQAFIASQBHAEgAVABfAE0AVQBMAFQASQBGAEkARwAtADIAQABQAEEATABMAEUAVAAgAFIAQQBDAEsAIABNAFUATABUAEkAIABDAE8ATgBGAEkARwAEAAAAEAAAAAEAAAABAAAAIQAAAA==</a:base64Binary><a:base64Binary>mDoAAAUAAAD//v80UABBAEwATABFAFQAIABSAEEAQwBLACAAQgBFAEEATQBfAE0AVQBMAFQASQBGAEkARwAtADEAQABQAEEATABMAEUAVAAgAFIAQQBDAEsAIABNAFUATABUAEkAIABDAE8ATgBGAEkARwAEAAAAEAAAAAEAAAABAAAAKAAAAA==</a:base64Binary><a:base64Binary>mDoAAAUAAAD//v80UABBAEwATABFAFQAIABSAEEAQwBLACAAQgBFAEEATQBfAE0AVQBMAFQASQBGAEkARwAtADcAQABQAEEATABMAEUAVAAgAFIAQQBDAEsAIABNAFUATABUAEkAIABDAE8ATgBGAEkARwAEAAAAEAAAAAEAAAABAAAALAAAAA==</a:base64Binary><a:base64Binary>mDoAAAUAAAD//v86UABBAEwATABFAFQAIABSAEEAQwBLACAAVwBJAFIARQAgAFMASABFAEwARgBfAE0AVQBMAFQASQBGAEkARwAtADEAQABQAEEATABMAEUAVAAgAFIAQQBDAEsAIABNAFUATABUAEkAIABDAE8ATgBGAEkARwAEAAAAEAAAAAEAAAABAAAAJwAAAA==</a:base64Binary><a:base64Binary>mDoAAAUAAAD//v86UABBAEwATABFAFQAIABSAEEAQwBLACAAVwBJAFIARQAgAFMASABFAEwARgBfAE0AVQBMAFQASQBGAEkARwAtADUAQABQAEEATABMAEUAVAAgAFIAQQBDAEsAIABNAFUATABUAEkAIABDAE8ATgBGAEkARwAEAAAAEAAAAAEAAAABAAAAOAAAAA==</a:base64Binary><a:base64Binary>mDoAAAUAAAD//v81UABBAEwATABFAFQAIABSAEEAQwBLACAAQgBFAEEATQBfAE0AVQBMAFQASQBGAEkARwAtADEAOABAAFAAQQBMAEwARQBUACAAUgBBAEMASwAgAE0AVQBMAFQASQAgAEMATwBOAEYASQBHAAQAAAAQAAAAAQAAAAEAAAC0AAAA</a:base64Binary><a:base64Binary>mDoAAAUAAAD//v87UABBAEwATABFAFQAIABSAEEAQwBLACAAVwBJAFIARQAgAFMASABFAEwARgBfAE0AVQBMAFQASQBGAEkARwAtADEANgBAAFAAQQBMAEwARQBUACAAUgBBAEMASwAgAE0AVQBMAFQASQAgAEMATwBOAEYASQBHAAQAAAAQAAAAAQAAAAEAAAC1AAAA</a:base64Binary><a:base64Binary>mDoAAAUAAAD//v81UABBAEwATABFAFQAIABSAEEAQwBLACAAQgBFAEEATQBfAE0AVQBMAFQASQBGAEkARwAtADEAOQBAAFAAQQBMAEwARQBUACAAUgBBAEMASwAgAE0AVQBMAFQASQAgAEMATwBOAEYASQBHAAQAAAAQAAAAAQAAAAEAAAC2AAAA</a:base64Binary><a:base64Binary>mDoAAAUAAAD//v87UABBAEwATABFAFQAIABSAEEAQwBLACAAVwBJAFIARQAgAFMASABFAEwARgBfAE0AVQBMAFQASQBGAEkARwAtADEANwBAAFAAQQBMAEwARQBUACAAUgBBAEMASwAgAE0AVQBMAFQASQAgAEMATwBOAEYASQBHAAQAAAAQAAAAAQAAAAEAAAC3AAAA</a:base64Binary><a:base64Binary>mDoAAAUAAAD//v87UABBAEwATABFAFQAIABSAEEAQwBLACAAVwBJAFIARQAgAFMASABFAEwARgBfAE0AVQBMAFQASQBGAEkARwAtADEAOABAAFAAQQBMAEwARQBUACAAUgBBAEMASwAgAE0AVQBMAFQASQAgAEMATwBOAEYASQBHAAQAAAAQAAAAAQAAAAEAAADNAAAA</a:base64Binary><a:base64Binary>mDoAAAUAAAD//v81UABBAEwATABFAFQAIABSAEEAQwBLACAAQgBFAEEATQBfAE0AVQBMAFQASQBGAEkARwAtADIAMABAAFAAQQBMAEwARQBUACAAUgBBAEMASwAgAE0AVQBMAFQASQAgAEMATwBOAEYASQBHAAQAAAAQAAAAAQAAAAEAAADOAAAA</a:base64Binary><a:base64Binary>mDoAAAUAAAD//v81UABBAEwATABFAFQAIABSAEEAQwBLACAAQgBFAEEATQBfAE0AVQBMAFQASQBGAEkARwAtADIAMQBAAFAAQQBMAEwARQBUACAAUgBBAEMASwAgAE0AVQBMAFQASQAgAEMATwBOAEYASQBHAAQAAAAQAAAAAQAAAAEAAADPAAAA</a:base64Binary><a:base64Binary>mDoAAAUAAAD//v87UABBAEwATABFAFQAIABSAEEAQwBLACAAVwBJAFIARQAgAFMASABFAEwARgBfAE0AVQBMAFQASQBGAEkARwAtADEAOQBAAFAAQQBMAEwARQBUACAAUgBBAEMASwAgAE0AVQBMAFQASQAgAEMATwBOAEYASQBHAAQAAAAQAAAAAQAAAAEAAADQAAAA</a:base64Binary></SWComponentPIDs><SWMainComponentPID i:nil="true"/><Visual z:Ref="i16"/><isFixedFrame>false</isFixedFrame><isIncomplete>false</isIncomplete></Link>
2025-04-08 04:24:30,509 INFO  AssemblyExportForm.cs: 309 - Saving URDF package to C:\isaacsim4.2.0\isaac-sim-standalone@4.2.0-rc.18+release.16044.3b2ed111.gl.windows-x86_64.release\intelligence\lack
2025-04-08 04:24:30,510 INFO  ExportHelper.cs: 147 - Beginning the export process
2025-04-08 04:24:30,511 INFO  ExportHelper.cs: 153 - Creating package directories with name lack and save path C:\isaacsim4.2.0\isaac-sim-standalone@4.2.0-rc.18+release.16044.3b2ed111.gl.windows-x86_64.release\intelligence
2025-04-08 04:24:31,947 INFO  ExportHelper.cs: 162 - Creating CMakeLists.txt at C:\isaacsim4.2.0\isaac-sim-standalone@4.2.0-rc.18+release.16044.3b2ed111.gl.windows-x86_64.release\intelligence\lack\CMakeLists.txt
2025-04-08 04:24:31,948 INFO  ExportHelper.cs: 166 - Creating joint names config at C:\isaacsim4.2.0\isaac-sim-standalone@4.2.0-rc.18+release.16044.3b2ed111.gl.windows-x86_64.release\intelligence\lack\config\joint_names_lack.yaml
2025-04-08 04:24:31,949 INFO  ExportHelper.cs: 170 - Creating package.xml at C:\isaacsim4.2.0\isaac-sim-standalone@4.2.0-rc.18+release.16044.3b2ed111.gl.windows-x86_64.release\intelligence\lack\package.xml
2025-04-08 04:24:31,949 INFO  PackageXMLWriter.cs: 21 - Creating package.xml at C:\isaacsim4.2.0\isaac-sim-standalone@4.2.0-rc.18+release.16044.3b2ed111.gl.windows-x86_64.release\intelligence\lack\package.xml
2025-04-08 04:24:31,950 INFO  ExportHelper.cs: 177 - Creating RVIZ launch file in C:\isaacsim4.2.0\isaac-sim-standalone@4.2.0-rc.18+release.16044.3b2ed111.gl.windows-x86_64.release\intelligence\lack\launch\
2025-04-08 04:24:31,951 INFO  ExportHelper.cs: 182 - Creating Gazebo launch file in C:\isaacsim4.2.0\isaac-sim-standalone@4.2.0-rc.18+release.16044.3b2ed111.gl.windows-x86_64.release\intelligence\lack\launch\
2025-04-08 04:24:31,951 INFO  ExportHelper.cs: 187 - Saving existing STL preferences
2025-04-08 04:24:31,951 INFO  ExportHelper.cs: 450 - Saving users preferences
2025-04-08 04:24:31,951 INFO  ExportHelper.cs: 190 - Modifying STL preferences
2025-04-08 04:24:31,959 INFO  ExportHelper.cs: 464 - Setting STL preferences
2025-04-08 04:24:31,959 INFO  ExportHelper.cs: 196 - Found 0 hidden components 
2025-04-08 04:24:31,959 INFO  ExportHelper.cs: 197 - Hiding all components
2025-04-08 04:24:32,001 INFO  ExportHelper.cs: 204 - Beginning individual files export
2025-04-08 04:24:32,001 INFO  ExportHelper.cs: 270 - Exporting link: base_link
2025-04-08 04:24:32,001 INFO  ExportHelper.cs: 272 - Link base_link has 0 children
2025-04-08 04:24:32,002 INFO  ExportHelper.cs: 317 - base_link: Exporting STL with coordinate frame ÁÂÇ¥°è1
2025-04-08 04:24:32,002 INFO  ExportHelper.cs: 322 - base_link: Reference geometry name 
2025-04-08 04:24:32,159 INFO  ExportHelper.cs: 330 - Saving STL to C:\isaacsim4.2.0\isaac-sim-standalone@4.2.0-rc.18+release.16044.3b2ed111.gl.windows-x86_64.release\intelligence\lack\meshes\base_link.STL
2025-04-08 04:24:33,334 INFO  ExportHelper.cs: 405 - Removing SW header in STL file
2025-04-08 04:24:33,334 INFO  ExportHelper.cs: 145 - Showing all components except previously hidden components
2025-04-08 04:24:33,377 INFO  ExportHelper.cs: 145 - Resetting STL preferences
2025-04-08 04:24:33,378 INFO  ExportHelper.cs: 478 - Returning STL preferences to user preferences
2025-04-08 04:24:33,378 INFO  ExportHelper.cs: 228 - Writing URDF file to C:\isaacsim4.2.0\isaac-sim-standalone@4.2.0-rc.18+release.16044.3b2ed111.gl.windows-x86_64.release\intelligence\lack\urdf\lack.urdf
2025-04-08 04:24:33,379 INFO  CSVImportExport.cs: 32 - Writing CSV file C:\isaacsim4.2.0\isaac-sim-standalone@4.2.0-rc.18+release.16044.3b2ed111.gl.windows-x86_64.release\intelligence\lack\urdf\lack.csv
2025-04-08 04:24:33,380 ERROR CSVImportExport.cs: 130 - The following columns were not written to the CSV: Link.Joint.ChildLink.link,
2025-04-08 04:24:33,380 INFO  ExportHelper.cs: 234 - Copying log file
2025-04-08 04:24:33,380 INFO  ExportHelper.cs: 439 - Copying C:\Users\mars\sw2urdf_logs\sw2urdf.log to C:\isaacsim4.2.0\isaac-sim-standalone@4.2.0-rc.18+release.16044.3b2ed111.gl.windows-x86_64.release\intelligence\lack\export.log
